{
  "friendOfFriendId": "Pauline",
  "bio": "",
  "version": 1,
  "alreadyInFriendship": true
}