{
  "pseudo": "Mario",
  "bio": "",
  "friends": [
    "DamDamDeo"
  ],
  "nbOfFriends": 1,
  "version": 0
}