{
  "friendId": "Mario",
  "inFriendshipWithId": "DonkeyKong",
  "friendOfFriendId": "Pauline",
  "mutualFriendsId": [
    "Luigi"
  ],
  "nbOfMutualFriends": 1
}