{
  "inFriendshipWithId": "DonkeyKong",
  "friendsOfFriendId": [
    "Pauline"
  ],
  "bio": "",
  "version": 2
}