{
  "friendId": "Mario",
  "inFriendshipWithId": "DonkeyKong",
  "mutualFriendsId": [
    "Pauline"
  ],
  "nbOfMutualFriends": 1
}