{
  "friendMayKnowId": "Peach",
  "bio": "I am a princess",
  "version": 1,
  "mutualFriendsId": [
    "Luigi"
  ]
}