{
  "friendId": "Mario",
  "bio": "super plumber",
  "version": 1
}