{
  "friendId": "Mario",
  "establishedFriendshipWith": "Luigi",
  "version": 1
}