{
  "fromFriendId": "Mario",
  "invitationCode": "00000000-0000-0000-0000-000000000000",
  "generatedAt": "2021-11-10T00:00:00"
}