{
  "friendId": "Mario",
  "version": 0,
  "inFriendshipsWith": [
    "DamDamDeo"
  ]
}