{
  "friendId": "Mario",
  "establishedFriendshipWith": "DamDamDeo",
  "version": 1
}